  console.log
    [cache-warmer] data.json OK

      at log (server/core/cache-warmer.js:22:15)

node.exe : PASS server/tests/database.test.js
所在位置 行:1 字符: 1
+ & "C:\Program Files\nodejs/node.exe" "C:\Program Files\nodejs/node_mo ...
+ ~~~~~~~~~~~~~~~~~~~~~~~~~~~~~~~~~~~~~~~~~~~~~~~~~~~~~~~~~~~~~~~~~~~~~
    + CategoryInfo          : NotSpecified: (PASS server/tests/database.test.js:String) [], RemoteException
    + FullyQualifiedErrorId : NativeCommandError
 
  database — 建表语句验证
    matches 表
      √ DDL 应包含所有必要字段 (8 ms)
      √ 索引应覆盖 date 和 matchStatus
    recommends 表
      √ 应有唯一约束 (matchId, type, fetchDate)
    crawl_logs 表
      √ date 应为主键
    ai_predictions 表
      √ 应包含 confidence 和 tokenUsage 字段
    prediction_logs 表
      √ 应包含 AI/PK/GS 三类预测字段 + actual 回填字段
  database — SQL 注入防护
    √ 查询应使用参数化语句 (?) 而非字符串拼接
    √ matchId 作为参数传递而非拼接
  database — WAL 模式
    √ 生产环境应使用 WAL + NORMAL synchronous (1 ms)
  database — 统计查询
    getHitRateStats 查询
      √ 应包含类型分组和结果过滤
    getDailyTrend 查询
      √ 应包含日期升序排列 (1 ms)
  database — 降级模式
    √ 无 SQLite 后端时 isAvailable 返回 false (1 ms)
    √ 降级模式下写操作不抛异常
  database — todayMatchSummary 计算
    √ 应正确计算 finished/unfinished (1 ms)
    √ 无完赛比赛时 canShowCards 为 false
  database — Phase 8 WAL 配置
    √ synchronous 应为 FULL（每事务 fsync）
    √ wal_autocheckpoint 应配置为 1000 页 (1 ms)
    √ journal_mode 保持 WAL
  database — Phase 8 原子写入
    √ _saveToFile 应使用 .tmp 文件进行原子写入
    √ 写入后应校验字节长度 (1 ms)
    √ 失败时应清理 .tmp 残留
  database — Phase 8 完整性校验
    √ 启动时应执行 PRAGMA integrity_check
    √ integrity_check 通过时打印信息 (5 ms)
    √ integrity_check 失败时打印错误 (1 ms)
    √ better-sqlite3 路径有完整性检查
    √ sql.js 路径也有完整性检查

PASS server/tests/prediction_log.test.js
  prediction_log
    模块导出完整性
      √ 应导出所有 API 函数 (15 ms)
      √ DB 未就绪时 isReady 返回 false (3 ms)
    函数签名验证 — DB 未就绪时安全返回
      √ upsert 无 matchId 时应安全返回 (3 ms)
      √ upsertAI 不 crash (3 ms)
      √ upsertPK 支持客胜/平方向 (3 ms)
      √ upsertGS 不 crash (4 ms)
      √ backfillResult 不 crash (4 ms)
      √ getLeagues 返回数组 (3 ms)
      √ getTotalCount 返回数字 (3 ms)
    queryBacktest — DB 未就绪时安全返回
      √ 应返回空结果不 crash (9 ms)
      √ 所有筛选参数组合不 crash (3 ms)
      √ stats 字段存在时值在合法范围 (V9 三层结构) (3 ms)

PASS server/tests/data_sync.test.js
  data_sync
    atomicWrite
      √ 应先写入 .tmp 再 rename 到目标文件 (13 ms)
      √ 应保持数据完整性 (1 ms)
    fmtLocal
      √ 日期格式应为 YYYY-MM-DD (5 ms)
      √ 单数字月日应补零
    data.json 重载检测
      √ mtimeMs 变化时应触发重载
      √ mtimeMs 未变化时不应重载
    backfillResults — prediction_logs 同步
      √ 应回填赛果到 prediction_logs 表 (14 ms)
      √ backfillResult 应处理完整的比分字段 (2 ms)
      √ 应设置 actual_corrected_at 时间戳 (2 ms)
      √ retryQueue 重试队列结构 (1 ms)
    文件保护 — PROTECTED_FILES
      √ data.json 应在受保护列表中 (1 ms)
    midou 反封策略 — jitter
      √ jitter 应在范围内 (14 ms)

PASS server/tests/scheduler_v2.test.js
  scheduler_v2
    getState / getQueue 导出
      √ 应导出 getState 和 getQueue 函数 (17 ms)
      √ 应导出 executeTask 和 enqueueTask 函数 (2 ms)
    分布式锁 — acquireLock
      √ 锁文件不存在时应成功获取锁 (2 ms)
      √ 锁未过期且非当前实例时应拒绝 (2 ms)
      √ 锁过期时应强制接管 (2 ms)
    重试队列 — enqueueTask
      √ enqueueTask 应添加任务到队列 (4 ms)
      √ 重复任务应更新重试次数而非添加新条目 (3 ms)
      √ 超过最大重试次数(5次)应放弃 (2 ms)
      √ 指数退避延迟应递增 (3 ms)
    任务分发 — executeTask
      √ 已知任务名应分发到对应处理 (2 ms)
      √ 未知任务名应返回 false (2 ms)
    状态管理 — loadState / saveState
      √ 状态文件不存在时应返回默认状态 (3 ms)
      √ taskStats 应正确累积运行统计 (2 ms)
    定时调度 — schedule
      √ 12:00 定时任务应正确计算延迟 (2 ms)
      √ sleep 工具函数 (2 ms)
    优雅停机 — shutdown
      √ 应保存状态后退出 (2 ms)

PASS server/tests/scheduler_v2.branches.test.js
  scheduler_v2 分支覆盖
    √ acquireLock 在其他实例持有未过期锁时返回 false (22 ms)
    √ acquireLock / renewLock / releaseLock 能完整维护当前实例锁 (9 ms)
    √ executeTask 失败时会进入重试队列 (14 ms)
    √ 连续失败达到退避阈值时 executeTask 不执行任务而改为延迟入队 (2 ms)
    √ 连续失败达到熔断阈值后会打开熔断器并告警 (1 ms)
    √ processQueue 会执行到期任务并清空原队列项 (3 ms)

PASS server/tests/index_api.test.js
  API Action Route Logic
    action dispatch — known actions
      √ action "income-stats" 应为已知路由 (6 ms)
      √ action "income-rank" 应为已知路由 (1 ms)
      √ action "filter-stats" 应为已知路由
      √ action "filter-leagues" 应为已知路由
      √ action "hit-rate" 应为已知路由 (1 ms)
      √ action "match-list" 应为已知路由
      √ action "match-detail" 应为已知路由
      √ action "recommend-trend" 应为已知路由 (1 ms)
      √ action "score-plan-list" 应为已知路由
  console.log
    [prediction_log] table initialized

      at log (server/prediction_log.js:166:13)

  console.log
      √ action "quant-plan-list" 应为已知路由
      √ action "prediction-backtest" 应为已知路由 (1 ms)
      √ action "gongshoudao-all" 应为已知路由
      √ action "gongshoudao-compute" 应为已知路由
      √ action "gongshoudao-single" 应为已知路由 (1 ms)
    API 响应格式规范
      √ 成功响应应包含 code:1
      √ 失败响应应包含 code:0 和 message
      √ 未知 action 应返回 code:0 (1 ms)
    参数验证规则
      √ date 格式应为 YYYY-MM-DD
      √ matchId 应为非空字符串 (1 ms)
      √ page 应为正整数
      √ pageSize 应有上限 (1 ms)
    quant-plan-list action
      √ plan-generator 应导出核心函数 (6 ms)
      √ 量化方案应包含 isMatchWon/isMatchLose 字段 (1 ms)
    prediction-backtest action
      √ prediction_log 应导出 queryBacktest (13 ms)
      √ 应支持 type 参数(spf/overunder/score) (1 ms)
    [prediction_log] ready

      at log (server/prediction_log.js:1097:13)

    gongshoudao-related actions
      √ gongshoudao index 应导出 refreshCache 和 computeAll (60 ms)
    match-detail action
      √ match-detail 应需要 matchId 参数 (1 ms)

PASS server/tests/pk_scorer.test.js
  pk_scorer — computeAllScores 完整评分
    √ 返回与输入相同的数组长度 (7 ms)
    √ 每个元素包含所有评分维度 (1 ms)
    √ 评分在 0~100 范围内 (2 ms)
    √ strong 共识 → healthScore=100
    √ weak 共识 → healthScore=70
    √ meltdown → healthScore=20 (V2.0 降级保留最低基础分)
    √ stars = Math.round(compositeScore / 20) (1 ms)
    √ 多个项目 → 不同 compositeScore
    √ 强队 → 高 powerScore
    √ dataAge>120 → compositeScore 扣减 (1 ms)
    √ verificationDetails 数组非空
    √ ★ V9.1: discreteWarning 不影响评分 (mock返回none)
    √ ★ V9.1: openHomeAward/openAwayAward 触发盘口位移分析
  pk_scorer — getDirectionAdvice 方向推荐
    √ meltdown 无明确方向 → 观望/避开 (V2.0) (1 ms)
    √ meltdown 有明确方向 → 2星参考 (V2.0 降级)
    √ 绝对主胜优势 (pw≥0.25, hi<1.4)
    √ 绝对客胜优势 (pw≤-0.25, hi<1.4) (1 ms)
    √ 过热预警 (pw≥0.08, hi≥1.4)
    √ 实力均衡 → 双选
    √ 返回 goalDir 和 goalStars
    √ hcpDir 基于 crossHcpWin/CrossHcpLose
    √ V2.0 EV: 有赔率时输出 ev 字段 (1 ms)
    √ V2.0 EV: 无赔率时 ev 为 null
    √ V2.0 EV: 负期望值价值标签
    √ V2.0 heatZ: 英超 HI=1.6 触发过热 (阈值 1.52)

  console.log
    [cache-warmer] cache.json OK

      at log (server/core/cache-warmer.js:22:15)

PASS server/tests/cache.test.js
  cache — localDate
    √ 返回 YYYY-MM-DD 格式 (12 ms)
    √ 无参数返回当前日期
    √ 月份和日期补零 (1 ms)
  cache — latestDataDate
    √ 无 mMap → 返回今天日期
  cache — invalidate 清除缓存
    √ invalidateDataJson 不抛异常
    √ invalidateTrends 不抛异常 (1 ms)
    √ 连续调用 invalidateDataJson 不抛异常
    √ 先 invalidate 后读取不抛异常 (1 ms)
  cache — 路径常量
    √ DATA_JSON_PATH 指向 data.json
    √ TRENDS_PATH 指向 trends.json (1 ms)
    √ ODDS_DIR 指向 odds_history
    √ GS_CACHE_PATH 指向 gongshoudao/cache.json (1 ms)
    √ 所有路径是绝对路径或包含 server 目录 (1 ms)
  cache — getDataJson 冒烟测试
    √ 读取不抛异常 (降级到空对象) (42 ms)
    √ forceRefresh=true 不抛异常 (37 ms)
  cache — getTrendsJson 冒烟测试
    √ 读取不抛异常 (11 ms)
  cache — getOddsHistory 冒烟测试
    √ 读取不存在日期 → null (不抛异常) (1 ms)
  cache — getGongShouDaoCache 冒烟测试
    √ 读取不抛异常 (315 ms)
  cache — Phase 1 getOddsHistory SQLite 回退
    √ getOddsHistory 日期降级最多 7 天 (1 ms)
    √ getNearestOddsDate 空日期返回 null (1 ms)
    √ getOddsHistory 不存在的日期不抛异常
  cache — Phase 1 odds 三层回退设计
    √ 回退顺序: allplays.json → odds_history_v2 SQLite → odds_history JSON (1 ms)
    √ JSON 回退空时应用 SQLite 兜底
    √ SQLite 回退查询应包含 play_type=spf/rqspf/halfFull/totalGoals/scores (1 ms)

  console.log
    [cache-warmer] allplays.json OK

      at log (server/core/cache-warmer.js:22:15)

  console.log
    [cache-warmer] odds_history (2026-06-09) OK

      at log (server/core/cache-warmer.js:22:15)

  console.log
    [cache-warmer] jczq_change_cache.json OK

      at log (server/core/cache-warmer.js:22:15)

  console.log
    [cache-warmer] ai_cache.json OK

      at log (server/core/cache-warmer.js:22:15)

  console.log
    [cache-warmer] 预热完成: 6 成功 / 0 失败

      at log (server/core/cache-warmer.js:22:15)

  console.log
    [cache-warmer] data.json OK

      at log (server/core/cache-warmer.js:22:15)

  console.log
    [cache-warmer] cache.json OK

      at log (server/core/cache-warmer.js:22:15)

  console.log
    [cache-warmer] allplays.json OK

      at log (server/core/cache-warmer.js:22:15)

  console.log
    [cache-warmer] odds_history (2026-06-09) OK

      at log (server/core/cache-warmer.js:22:15)

  console.log
    [cache-warmer] jczq_change_cache.json OK

      at log (server/core/cache-warmer.js:22:15)

  console.log
    [cache-warmer] ai_cache.json OK

      at log (server/core/cache-warmer.js:22:15)

  console.log
    [cache-warmer] 预热完成: 6 成功 / 0 失败

      at log (server/core/cache-warmer.js:22:15)

FAIL server/tests/plan-generator.test.js
  plan-generator — qualifyMatch 比分方案筛选
    √ 无gs数据 → 返回 false (13 ms)
    √ fusionConsensus=meltdown → 返回 false
    √ 大球率不足 → 返回 false (1 ms)
    √ 攻防符号相同 → 返回 false
    √ 攻防符号相反(attRaw*defRaw<=0) → 返回 false
    √ 攻防强度不足 → 返回 false
    √ xg差不足0.6 → 返回 false (1 ms)
    √ weak共识 + stability<55 → 返回 false
    √ 弱侧xg>1.5 → 返回 false
    √ 正常强一致数据 → 通过筛选 (3 ms)
    √ 客队优势 → strongIsHome=false (2 ms)
  plan-generator — buildScorePercentMap
    √ 正常scores → 构建映射 (1 ms)
    √ 空scores → 返回 null
    √ null gs → 返回 null
  plan-generator — dutchCombinations 荷兰式组合
    √ 返回2~4个比分的组合 (1 ms)
    √ 每个组合有 scores/baseExpectedReturn/comboLength/coverage (9 ms)
    √ prefer 3组合
    √ 不足2个candidates → 返回空 (1 ms)
    √ 空oddsMap → 返回空
  plan-generator — computeScoreQuality 质量评分
    √ 返回 0~100 分数 (1 ms)
    √ strong 共识得分高于 weak
    √ 大球率越高分数越高
    √ xg差越大分数越高 (1 ms)
    √ 联赛场均进球>2.85 → 额外加分
  plan-generator — getMatchOdds
    √ 按 num 匹配 (710 ms)
    × 按 num_X 匹配(allplays) (9 ms)
    × 按 matchId 匹配 (7 ms)
    √ 无匹配 → null (6 ms)
  plan-generator — getColdDirection 冷门方向
    √ 返回方向对象含 dir/odds/signal/finalScore (1 ms)
    √ 均衡实力+弱共识 → 平局方向信号增强
    √ 熔断共识 → 信号轻微增强
  plan-generator — computeColdScore 冷门评分
    √ 返回 0~100 分数
    √ 实力均衡 → 高分 (1 ms)
    √ weak共识比strong共识得分高
    √ heatIndex 低于 0.85 → 更高冷门评分
  plan-generator — parseKickoffTime
    √ 正常ISO时间 → 返回时间戳 (1 ms)
    √ null/空 → 返回 null
    √ 无效时间 → 返回 null
  plan-generator — checkCorrelation 组合相关性
    √ 完全不同 → low 风险
    √ 同联赛 → medium
    √ 时间接近(<90min) → medium
    √ 同球队 → medium (1 ms)
    √ 同联赛+时间接近 → high
  plan-generator — checkMatchResult 单场结果判定
    √ 精确匹配方向 → 返回结果
    √ 方向失败 → isLose=true
    √ result=null(未知) → isWon/isLose 均为 null
    √ 双选方向 → 任一命中即可 (1 ms)
    √ 无匹配 → null

  ● plan-generator — getMatchOdds › 按 num_X 匹配(allplays)

    expect(received).toEqual(expected) // deep equality

    - Expected  - 0
    + Received  + 2

      Object {
        "spf": Object {
    +     "away": 1.01,
    +     "draw": 1.01,
          "home": 2,
        },
      }

    [0m [90m 307 |[39m     [36mconst[39m m [33m=[39m { num[33m:[39m [32m'001'[39m }[33m;[39m
     [90m 308 |[39m     [36mconst[39m ap [33m=[39m { num_001[33m:[39m { spf[33m:[39m { home[33m:[39m [35m2
.0[39m } } }[33m;[39m
    [31m[1m>[22m[39m[90m 309 |[39m     expect(getMatchOdds(m[33m,[39m [36mnull[39m[33m,[39m ap))[33m.[39m
toEqual({ spf[33m:[39m { home[33m:[39m [35m2.0[39m } })[33m;[39m
     [90m     |[39m                                       [31m[1m^[22m[39m
     [90m 310 |[39m   })[33m;[39m
     [90m 311 |[39m
     [90m 312 |[39m   it([32m'按 matchId 匹配'[39m[33m,[39m () [33m=>[39m {[0m

      at Object.toEqual (server/tests/plan-generator.test.js:309:39)

  ● plan-generator — getMatchOdds › 按 matchId 匹配

    expect(received).toEqual(expected) // deep equality

    - Expected  - 0
    + Received  + 2

      Object {
        "spf": Object {
    +     "away": 1.01,
    +     "draw": 1.01,
          "home": 1.5,
        },
      }

    [0m [90m 313 |[39m     [36mconst[39m m [33m=[39m { num[33m:[39m [32m''[39m[33m,[39m matchId[33m:[39m
 [32m'm123'[39m }[33m;[39m
     [90m 314 |[39m     [36mconst[39m ap [33m=[39m { m123[33m:[39m { spf[33m:[39m { home[33m:[39m [35m1.5
[39m } } }[33m;[39m
    [31m[1m>[22m[39m[90m 315 |[39m     expect(getMatchOdds(m[33m,[39m [36mnull[39m[33m,[39m ap))[33m.[39m
toEqual({ spf[33m:[39m { home[33m:[39m [35m1.5[39m } })[33m;[39m
     [90m     |[39m                                       [31m[1m^[22m[39m
     [90m 316 |[39m   })[33m;[39m
     [90m 317 |[39m
     [90m 318 |[39m   it([32m'无匹配 → null'[39m[33m,[39m () [33m=>[39m {[0m

      at Object.toEqual (server/tests/plan-generator.test.js:315:39)

  console.log
    [cache-warmer] data.json OK

      at log (server/core/cache-warmer.js:22:15)

  console.log
    [cache-warmer] cache.json OK

      at log (server/core/cache-warmer.js:22:15)

  console.log
    [cache-warmer] allplays.json OK

      at log (server/core/cache-warmer.js:22:15)

  console.log
    [cache-warmer] odds_history (2026-06-09) OK

      at log (server/core/cache-warmer.js:22:15)

  console.log
    [cache-warmer] jczq_change_cache.json OK

      at log (server/core/cache-warmer.js:22:15)

  console.log
    [cache-warmer] ai_cache.json OK

      at log (server/core/cache-warmer.js:22:15)

  console.log
    [cache-warmer] 预热完成: 6 成功 / 0 失败

      at log (server/core/cache-warmer.js:22:15)

  console.log
    [cache-warmer] data.json OK

      at log (server/core/cache-warmer.js:22:15)

  console.log
    [cache-warmer] cache.json OK

      at log (server/core/cache-warmer.js:22:15)

  console.log
    [cache-warmer] allplays.json OK

      at log (server/core/cache-warmer.js:22:15)

  console.log
    [cache-warmer] odds_history (2026-06-09) OK

      at log (server/core/cache-warmer.js:22:15)

  console.log
    [cache-warmer] jczq_change_cache.json OK

      at log (server/core/cache-warmer.js:22:15)

  console.log
    [cache-warmer] ai_cache.json OK

      at log (server/core/cache-warmer.js:22:15)

  console.log
    [cache-warmer] 预热完成: 6 成功 / 0 失败

      at log (server/core/cache-warmer.js:22:15)

  console.log
    [cache-warmer] data.json OK

      at log (server/core/cache-warmer.js:22:15)

  console.log
    [cache-warmer] cache.json OK

      at log (server/core/cache-warmer.js:22:15)

  console.log
    [cache-warmer] allplays.json OK

      at log (server/core/cache-warmer.js:22:15)

  console.log
    [cache-warmer] odds_history (2026-06-09) OK

      at log (server/core/cache-warmer.js:22:15)

  console.log
    [cache-warmer] jczq_change_cache.json OK

      at log (server/core/cache-warmer.js:22:15)

  console.log
    [cache-warmer] ai_cache.json OK

      at log (server/core/cache-warmer.js:22:15)

  console.log
    [cache-warmer] 预热完成: 6 成功 / 0 失败

      at log (server/core/cache-warmer.js:22:15)

  console.log
    [cache-warmer] data.json OK

      at log (server/core/cache-warmer.js:22:15)

  console.log
    [cache-warmer] cache.json OK

      at log (server/core/cache-warmer.js:22:15)

  console.log
    [cache-warmer] allplays.json OK

      at log (server/core/cache-warmer.js:22:15)

  console.log
    [cache-warmer] odds_history (2026-06-09) OK

      at log (server/core/cache-warmer.js:22:15)

  console.log
    [cache-warmer] jczq_change_cache.json OK

      at log (server/core/cache-warmer.js:22:15)

  console.log
    [cache-warmer] ai_cache.json OK

      at log (server/core/cache-warmer.js:22:15)

  console.log
    [cache-warmer] 预热完成: 6 成功 / 0 失败

      at log (server/core/cache-warmer.js:22:15)

  console.log
    [cache-warmer] data.json OK

      at log (server/core/cache-warmer.js:22:15)

  console.log
    [cache-warmer] cache.json OK

      at log (server/core/cache-warmer.js:22:15)

  console.log
    [cache-warmer] allplays.json OK

      at log (server/core/cache-warmer.js:22:15)

  console.log
    [cache-warmer] odds_history (2026-06-09) OK

      at log (server/core/cache-warmer.js:22:15)

  console.log
    [cache-warmer] jczq_change_cache.json OK

      at log (server/core/cache-warmer.js:22:15)

  console.log
    [cache-warmer] ai_cache.json OK

      at log (server/core/cache-warmer.js:22:15)

  console.log
    [cache-warmer] 预热完成: 6 成功 / 0 失败

      at log (server/core/cache-warmer.js:22:15)

PASS server/tests/cache-warmer.test.js
  cache-warmer — warmUp 基础流程
    √ warmUp 返回统计对象 (480 ms)
    √ warmUp 尝试 6 步预热（可能有文件不存在的错误） (331 ms)
    √ 自定义 log 函数被调用 (292 ms)
    √ files 对象包含 6 个缓存文件 (304 ms)
    √ 每个文件结果有 ok 状态 (314 ms)
    √ 连续调用不抛异常 (582 ms)
    √ 无参数调用使用默认 log (288 ms)

Test Suites: 1 failed, 9 passed, 10 total
Tests:       2 failed, 201 passed, 203 total
Snapshots:   0 total
Time:        4.119 s
Ran all test suites matching /server\\tests\\(index_api|data_sync|prediction_log|database|scheduler_v2|cache|pk_scorer|
plan-generator)/i.
Force exiting Jest: Have you considered using `--detectOpenHandles` to detect async operations that kept running after 
all tests finished?
